// Jest Snapshot v1, https://goo.gl/fbAQLP

exports[`<Button /> should render the medium button default 1`] = `
.c0 {
  display: -webkit-inline-box;
  display: -webkit-inline-flex;
  display: -ms-inline-flexbox;
  display: inline-flex;
  -webkit-align-items: center;
  -webkit-box-align: center;
  -ms-flex-align: center;
  align-items: center;
  -webkit-box-pack: center;
  -webkit-justify-content: center;
  -ms-flex-pack: center;
  justify-content: center;
  -webkit-text-decoration: none;
  text-decoration: none;
  background: rgb(180,102,200);
  background: linear-gradient( 180deg,rgba(180,102,200,1) 0%,rgba(136,105,224,1) 93% );
  color: #fafafa;
  cursor: pointer;
  border: none;
  border-radius: 0.4rem;
  padding: 0.8rem;
  height: 4rem;
  font-size: 1.4rem;
  padding: 0.8rem 3.2rem;
}

.c0:hover {
  -webkit-transition: 0.4s;
  transition: 0.4s;
  background: linear-gradient(180deg,#994cac 0%,#704ed0 100%);
}

<button
  class="c0"
>
  <span>
    Compre j√°
  </span>
</button>
`
