// Jest Snapshot v1, https://goo.gl/fbAQLP

exports[`<FormSignUp /> should render the form 1`] = `
.c3 {
  display: inline-block;
  vertical-align: middle;
  overflow: hidden;
}

.c6 {
  display: -webkit-inline-box;
  display: -webkit-inline-flex;
  display: -ms-inline-flexbox;
  display: inline-flex;
  -webkit-align-items: center;
  -webkit-box-align: center;
  -ms-flex-align: center;
  align-items: center;
  -webkit-box-pack: center;
  -webkit-justify-content: center;
  -ms-flex-pack: center;
  justify-content: center;
  -webkit-text-decoration: none;
  text-decoration: none;
  background: rgb(180,102,200);
  background: linear-gradient( 180deg,rgba(180,102,200,1) 0%,rgba(136,105,224,1) 93% );
  color: #fafafa;
  cursor: pointer;
  border: none;
  border-radius: 0.4rem;
  padding: 0.8rem;
  height: 5rem;
  font-size: 1.6rem;
  padding: 0.8rem 4.8rem;
  width: 100%;
}

.c6:hover {
  -webkit-transition: 0.4s;
  transition: 0.4s;
  background: linear-gradient(180deg,#994cac 0%,#704ed0 100%);
}

.c1 {
  display: -webkit-box;
  display: -webkit-flex;
  display: -ms-flexbox;
  display: flex;
  background: none;
  border-radius: 0.2rem;
  padding: 0 1.6rem;
  border: 0.2rem solid;
  border-color: #b466c8;
  margin-top: 0.8rem;
}

.c1:focus-within {
  box-shadow: 0 0 0.5rem #b466c8;
}

.c2 {
  display: -webkit-box;
  display: -webkit-flex;
  display: -ms-flexbox;
  display: flex;
  width: 2.2rem;
  color: #B88AD2;
  -webkit-order: 0;
  -ms-flex-order: 0;
  order: 0;
}

.c2 > svg {
  width: 100%;
}

.c4 {
  color: #9200FC;
  font-family: Roboto,-apple-system,BlinkMacSystemFont,'Segoe UI',Oxygen,Ubuntu,Cantarell,'Open Sans','Helvetica Neue',sans-serif;
  font-size: 1.6rem;
  padding: 0.8rem 0;
  padding-left: 1.6rem;
  background: transparent;
  border: 0;
  outline: none;
  width: 100%;
}

.c4::-webkit-input-placeholder {
  color: #B88AD2;
}

.c4::-moz-placeholder {
  color: #B88AD2;
}

.c4:-ms-input-placeholder {
  color: #B88AD2;
}

.c4::placeholder {
  color: #B88AD2;
}

.c0 .{
  margin: 0.8rem 0;
}

.c0 .c5 {
  margin: 3.2rem auto 1.6rem;
}

.c7 {
  font-size: 1.4rem;
  color: #080A19;
  text-align: left;
}

.c7 a {
  position: relative;
  color: #B88AD2;
  -webkit-text-decoration: none;
  text-decoration: none;
  margin-left: 1.6rem;
  border-bottom: 0.1rem solid #9200FC;
  -webkit-transition: color,border,0.1s ease-in-out;
  transition: color,border,0.1s ease-in-out;
}

.c7 a:hover {
  color: #9200FC;
  border-bottom: 0.1rem solid #B88AD2;
}

<main
  class="c0"
>
  <form>
    <div
      class=""
    >
      <div
        class="c1"
      >
        <div
          class="c2"
        >
          <svg
            aria-hidden="true"
            class="c3"
            fill="currentColor"
            focusable="false"
            viewBox="0 0 24 24"
            xmlns="http://www.w3.org/2000/svg"
          >
            <path
              d="M0 0h24v24H0V0z"
              fill="none"
            />
            <path
              d="M12 2C6.48 2 2 6.48 2 12s4.48 10 10 10 10-4.48 10-10S17.52 2 12 2zM7.07 18.28c.43-.9 3.05-1.78 4.93-1.78s4.51.88 4.93 1.78C15.57 19.36 13.86 20 12 20s-3.57-.64-4.93-1.72zm11.29-1.45c-1.43-1.74-4.9-2.33-6.36-2.33s-4.93.59-6.36 2.33A7.95 7.95 0 014 12c0-4.41 3.59-8 8-8s8 3.59 8 8c0 1.82-.62 3.49-1.64 4.83zM12 6c-1.94 0-3.5 1.56-3.5 3.5S10.06 13 12 13s3.5-1.56 3.5-3.5S13.94 6 12 6zm0 5c-.83 0-1.5-.67-1.5-1.5S11.17 8 12 8s1.5.67 1.5 1.5S12.83 11 12 11z"
            />
          </svg>
        </div>
        <input
          class="c4"
          name="name"
          placeholder="Name"
          type="name"
          value=""
        />
      </div>
    </div>
    <div
      class=""
    >
      <div
        class="c1"
      >
        <div
          class="c2"
        >
          <svg
            aria-hidden="true"
            class="c3"
            fill="currentColor"
            focusable="false"
            viewBox="0 0 24 24"
            xmlns="http://www.w3.org/2000/svg"
          >
            <path
              d="M0 0h24v24H0V0z"
              fill="none"
            />
            <path
              d="M22 6c0-1.1-.9-2-2-2H4c-1.1 0-2 .9-2 2v12c0 1.1.9 2 2 2h16c1.1 0 2-.9 2-2V6zm-2 0l-8 5-8-5h16zm0 12H4V8l8 5 8-5v10z"
            />
          </svg>
        </div>
        <input
          class="c4"
          name="email"
          placeholder="Email"
          type="email"
          value=""
        />
      </div>
    </div>
    <div
      class=""
    >
      <div
        class="c1"
      >
        <div
          class="c2"
        >
          <svg
            aria-hidden="true"
            class="c3"
            fill="currentColor"
            focusable="false"
            viewBox="0 0 24 24"
            xmlns="http://www.w3.org/2000/svg"
          >
            <g
              fill="none"
            >
              <path
                d="M0 0h24v24H0V0z"
              />
              <path
                d="M0 0h24v24H0V0z"
                opacity="0.87"
              />
            </g>
            <path
              d="M18 8h-1V6c0-2.76-2.24-5-5-5S7 3.24 7 6v2H6c-1.1 0-2 .9-2 2v10c0 1.1.9 2 2 2h12c1.1 0 2-.9 2-2V10c0-1.1-.9-2-2-2zM9 6c0-1.66 1.34-3 3-3s3 1.34 3 3v2H9V6zm9 14H6V10h12v10zm-6-3c1.1 0 2-.9 2-2s-.9-2-2-2-2 .9-2 2 .9 2 2 2z"
            />
          </svg>
        </div>
        <input
          class="c4"
          name="password"
          placeholder="Password"
          type="password"
          value=""
        />
      </div>
    </div>
    <div
      class=""
    >
      <div
        class="c1"
      >
        <div
          class="c2"
        >
          <svg
            aria-hidden="true"
            class="c3"
            fill="currentColor"
            focusable="false"
            viewBox="0 0 24 24"
            xmlns="http://www.w3.org/2000/svg"
          >
            <g
              fill="none"
            >
              <path
                d="M0 0h24v24H0V0z"
              />
              <path
                d="M0 0h24v24H0V0z"
                opacity="0.87"
              />
            </g>
            <path
              d="M18 8h-1V6c0-2.76-2.24-5-5-5S7 3.24 7 6v2H6c-1.1 0-2 .9-2 2v10c0 1.1.9 2 2 2h12c1.1 0 2-.9 2-2V10c0-1.1-.9-2-2-2zM9 6c0-1.66 1.34-3 3-3s3 1.34 3 3v2H9V6zm9 14H6V10h12v10zm-6-3c1.1 0 2-.9 2-2s-.9-2-2-2-2 .9-2 2 .9 2 2 2z"
            />
          </svg>
        </div>
        <input
          class="c4"
          name="confirm-password"
          placeholder="Confirm password"
          type="password"
          value=""
        />
      </div>
    </div>
    <button
      class="c5 c6"
    >
      <span>
        Cadastrar
      </span>
    </button>
    <div
      class="c7"
    >
      Você tem uma conta?
       
      <a
        href="/sign-in"
      >
        Entre Já
      </a>
    </div>
  </form>
</main>
`
